<?xml version="1.0" encoding="UTF-8"?>
<testsuites>
  <testsuite name="D:\Dropbox\Public\Iskola\Tanmenetek\Feladatgyűjtemény\Laravel\Laravel_Iskola_2025\server\phpunit.xml" tests="25" assertions="45" errors="0" failures="0" skipped="0" time="0.732510">
    <testsuite name="Unit" tests="24" assertions="44" errors="0" failures="0" skipped="0" time="0.584871">
      <testsuite name="Tests\Unit\DatabaseTest" file="D:\Dropbox\Public\Iskola\Tanmenetek\Feladatgyűjtemény\Laravel\Laravel_Iskola_2025\server\tests\Unit\DatabaseTest.php" tests="3" assertions="18" errors="0" failures="0" skipped="0" time="0.559176">
        <testcase name="test_database_creation_end_tables_exists" file="D:\Dropbox\Public\Iskola\Tanmenetek\Feladatgyűjtemény\Laravel\Laravel_Iskola_2025\server\tests\Unit\DatabaseTest.php" line="20" class="Tests\Unit\DatabaseTest" classname="Tests.Unit.DatabaseTest" assertions="6" time="0.395454">
          <system-out>&#13;
	Adatbázis -&gt; DB_DATABASE=school | adatbázis: school</system-out>
        </testcase>
        <testcase name="test_sports_table_structure" file="D:\Dropbox\Public\Iskola\Tanmenetek\Feladatgyűjtemény\Laravel\Laravel_Iskola_2025\server\tests\Unit\DatabaseTest.php" line="37" class="Tests\Unit\DatabaseTest" classname="Tests.Unit.DatabaseTest" assertions="8" time="0.050962"/>
        <testcase name="test_students_schoolclasses_relationships" file="D:\Dropbox\Public\Iskola\Tanmenetek\Feladatgyűjtemény\Laravel\Laravel_Iskola_2025\server\tests\Unit\DatabaseTest.php" line="63" class="Tests\Unit\DatabaseTest" classname="Tests.Unit.DatabaseTest" assertions="4" time="0.112759"/>
      </testsuite>
      <testsuite name="Tests\Unit\ExampleTest" file="D:\Dropbox\Public\Iskola\Tanmenetek\Feladatgyűjtemény\Laravel\Laravel_Iskola_2025\server\tests\Unit\ExampleTest.php" tests="3" assertions="8" errors="0" failures="0" skipped="0" time="0.013801">
        <testcase name="test_that_true_is_true" file="D:\Dropbox\Public\Iskola\Tanmenetek\Feladatgyűjtemény\Laravel\Laravel_Iskola_2025\server\tests\Unit\ExampleTest.php" line="12" class="Tests\Unit\ExampleTest" classname="Tests.Unit.ExampleTest" assertions="1" time="0.011542"/>
        <testcase name="test_theAssert_is_true" file="D:\Dropbox\Public\Iskola\Tanmenetek\Feladatgyűjtemény\Laravel\Laravel_Iskola_2025\server\tests\Unit\ExampleTest.php" line="18" class="Tests\Unit\ExampleTest" classname="Tests.Unit.ExampleTest" assertions="1" time="0.000333"/>
        <testcase name="test_check_person_map" file="D:\Dropbox\Public\Iskola\Tanmenetek\Feladatgyűjtemény\Laravel\Laravel_Iskola_2025\server\tests\Unit\ExampleTest.php" line="25" class="Tests\Unit\ExampleTest" classname="Tests.Unit.ExampleTest" assertions="6" time="0.001925"/>
      </testsuite>
      <testsuite name="Tests\Unit\ScholarshipCalculatorTest" file="D:\Dropbox\Public\Iskola\Tanmenetek\Feladatgyűjtemény\Laravel\Laravel_Iskola_2025\server\tests\Unit\ScholarshipCalculatorTest.php" tests="18" assertions="18" errors="0" failures="0" skipped="0" time="0.011894">
        <testsuite name="Tests\Unit\ScholarshipCalculatorTest::test_it_returns_max_scholarship_for_5_dot_0_and_above" tests="3" assertions="3" errors="0" failures="0" skipped="0" time="0.004954">
          <testcase name="test_it_returns_max_scholarship_for_5_dot_0_and_above with data set #0" file="D:\Dropbox\Public\Iskola\Tanmenetek\Feladatgyűjtemény\Laravel\Laravel_Iskola_2025\server\tests\Unit\ScholarshipCalculatorTest.php" line="27" class="Tests\Unit\ScholarshipCalculatorTest" classname="Tests.Unit.ScholarshipCalculatorTest" assertions="1" time="0.004099"/>
          <testcase name="test_it_returns_max_scholarship_for_5_dot_0_and_above with data set #1" file="D:\Dropbox\Public\Iskola\Tanmenetek\Feladatgyűjtemény\Laravel\Laravel_Iskola_2025\server\tests\Unit\ScholarshipCalculatorTest.php" line="27" class="Tests\Unit\ScholarshipCalculatorTest" classname="Tests.Unit.ScholarshipCalculatorTest" assertions="1" time="0.000447"/>
          <testcase name="test_it_returns_max_scholarship_for_5_dot_0_and_above with data set #2" file="D:\Dropbox\Public\Iskola\Tanmenetek\Feladatgyűjtemény\Laravel\Laravel_Iskola_2025\server\tests\Unit\ScholarshipCalculatorTest.php" line="27" class="Tests\Unit\ScholarshipCalculatorTest" classname="Tests.Unit.ScholarshipCalculatorTest" assertions="1" time="0.000408"/>
        </testsuite>
        <testsuite name="Tests\Unit\ScholarshipCalculatorTest::test_it_returns_30000_for_4_dot_5_to_4_dot_99" tests="3" assertions="3" errors="0" failures="0" skipped="0" time="0.001225">
          <testcase name="test_it_returns_30000_for_4_dot_5_to_4_dot_99 with data set #0" file="D:\Dropbox\Public\Iskola\Tanmenetek\Feladatgyűjtemény\Laravel\Laravel_Iskola_2025\server\tests\Unit\ScholarshipCalculatorTest.php" line="45" class="Tests\Unit\ScholarshipCalculatorTest" classname="Tests.Unit.ScholarshipCalculatorTest" assertions="1" time="0.000411"/>
          <testcase name="test_it_returns_30000_for_4_dot_5_to_4_dot_99 with data set #1" file="D:\Dropbox\Public\Iskola\Tanmenetek\Feladatgyűjtemény\Laravel\Laravel_Iskola_2025\server\tests\Unit\ScholarshipCalculatorTest.php" line="45" class="Tests\Unit\ScholarshipCalculatorTest" classname="Tests.Unit.ScholarshipCalculatorTest" assertions="1" time="0.000415"/>
          <testcase name="test_it_returns_30000_for_4_dot_5_to_4_dot_99 with data set #2" file="D:\Dropbox\Public\Iskola\Tanmenetek\Feladatgyűjtemény\Laravel\Laravel_Iskola_2025\server\tests\Unit\ScholarshipCalculatorTest.php" line="45" class="Tests\Unit\ScholarshipCalculatorTest" classname="Tests.Unit.ScholarshipCalculatorTest" assertions="1" time="0.000399"/>
        </testsuite>
        <testsuite name="Tests\Unit\ScholarshipCalculatorTest::test_it_returns_22000_for_4_dot_0_to_4_dot_49" tests="3" assertions="3" errors="0" failures="0" skipped="0" time="0.002040">
          <testcase name="test_it_returns_22000_for_4_dot_0_to_4_dot_49 with data set #0" file="D:\Dropbox\Public\Iskola\Tanmenetek\Feladatgyűjtemény\Laravel\Laravel_Iskola_2025\server\tests\Unit\ScholarshipCalculatorTest.php" line="63" class="Tests\Unit\ScholarshipCalculatorTest" classname="Tests.Unit.ScholarshipCalculatorTest" assertions="1" time="0.001087"/>
          <testcase name="test_it_returns_22000_for_4_dot_0_to_4_dot_49 with data set #1" file="D:\Dropbox\Public\Iskola\Tanmenetek\Feladatgyűjtemény\Laravel\Laravel_Iskola_2025\server\tests\Unit\ScholarshipCalculatorTest.php" line="63" class="Tests\Unit\ScholarshipCalculatorTest" classname="Tests.Unit.ScholarshipCalculatorTest" assertions="1" time="0.000519"/>
          <testcase name="test_it_returns_22000_for_4_dot_0_to_4_dot_49 with data set #2" file="D:\Dropbox\Public\Iskola\Tanmenetek\Feladatgyűjtemény\Laravel\Laravel_Iskola_2025\server\tests\Unit\ScholarshipCalculatorTest.php" line="63" class="Tests\Unit\ScholarshipCalculatorTest" classname="Tests.Unit.ScholarshipCalculatorTest" assertions="1" time="0.000434"/>
        </testsuite>
        <testsuite name="Tests\Unit\ScholarshipCalculatorTest::test_it_returns_15000_for_3_dot_0_to_3_dot_99" tests="3" assertions="3" errors="0" failures="0" skipped="0" time="0.001250">
          <testcase name="test_it_returns_15000_for_3_dot_0_to_3_dot_99 with data set #0" file="D:\Dropbox\Public\Iskola\Tanmenetek\Feladatgyűjtemény\Laravel\Laravel_Iskola_2025\server\tests\Unit\ScholarshipCalculatorTest.php" line="81" class="Tests\Unit\ScholarshipCalculatorTest" classname="Tests.Unit.ScholarshipCalculatorTest" assertions="1" time="0.000448"/>
          <testcase name="test_it_returns_15000_for_3_dot_0_to_3_dot_99 with data set #1" file="D:\Dropbox\Public\Iskola\Tanmenetek\Feladatgyűjtemény\Laravel\Laravel_Iskola_2025\server\tests\Unit\ScholarshipCalculatorTest.php" line="81" class="Tests\Unit\ScholarshipCalculatorTest" classname="Tests.Unit.ScholarshipCalculatorTest" assertions="1" time="0.000405"/>
          <testcase name="test_it_returns_15000_for_3_dot_0_to_3_dot_99 with data set #2" file="D:\Dropbox\Public\Iskola\Tanmenetek\Feladatgyűjtemény\Laravel\Laravel_Iskola_2025\server\tests\Unit\ScholarshipCalculatorTest.php" line="81" class="Tests\Unit\ScholarshipCalculatorTest" classname="Tests.Unit.ScholarshipCalculatorTest" assertions="1" time="0.000397"/>
        </testsuite>
        <testsuite name="Tests\Unit\ScholarshipCalculatorTest::test_it_returns_10000_for_2_dot_0_to_2_dot_99" tests="3" assertions="3" errors="0" failures="0" skipped="0" time="0.001213">
          <testcase name="test_it_returns_10000_for_2_dot_0_to_2_dot_99 with data set #0" file="D:\Dropbox\Public\Iskola\Tanmenetek\Feladatgyűjtemény\Laravel\Laravel_Iskola_2025\server\tests\Unit\ScholarshipCalculatorTest.php" line="99" class="Tests\Unit\ScholarshipCalculatorTest" classname="Tests.Unit.ScholarshipCalculatorTest" assertions="1" time="0.000415"/>
          <testcase name="test_it_returns_10000_for_2_dot_0_to_2_dot_99 with data set #1" file="D:\Dropbox\Public\Iskola\Tanmenetek\Feladatgyűjtemény\Laravel\Laravel_Iskola_2025\server\tests\Unit\ScholarshipCalculatorTest.php" line="99" class="Tests\Unit\ScholarshipCalculatorTest" classname="Tests.Unit.ScholarshipCalculatorTest" assertions="1" time="0.000396"/>
          <testcase name="test_it_returns_10000_for_2_dot_0_to_2_dot_99 with data set #2" file="D:\Dropbox\Public\Iskola\Tanmenetek\Feladatgyűjtemény\Laravel\Laravel_Iskola_2025\server\tests\Unit\ScholarshipCalculatorTest.php" line="99" class="Tests\Unit\ScholarshipCalculatorTest" classname="Tests.Unit.ScholarshipCalculatorTest" assertions="1" time="0.000402"/>
        </testsuite>
        <testsuite name="Tests\Unit\ScholarshipCalculatorTest::test_it_returns_zero_for_below_2_dot_0" tests="3" assertions="3" errors="0" failures="0" skipped="0" time="0.001213">
          <testcase name="test_it_returns_zero_for_below_2_dot_0 with data set #0" file="D:\Dropbox\Public\Iskola\Tanmenetek\Feladatgyűjtemény\Laravel\Laravel_Iskola_2025\server\tests\Unit\ScholarshipCalculatorTest.php" line="120" class="Tests\Unit\ScholarshipCalculatorTest" classname="Tests.Unit.ScholarshipCalculatorTest" assertions="1" time="0.000399"/>
          <testcase name="test_it_returns_zero_for_below_2_dot_0 with data set #1" file="D:\Dropbox\Public\Iskola\Tanmenetek\Feladatgyűjtemény\Laravel\Laravel_Iskola_2025\server\tests\Unit\ScholarshipCalculatorTest.php" line="120" class="Tests\Unit\ScholarshipCalculatorTest" classname="Tests.Unit.ScholarshipCalculatorTest" assertions="1" time="0.000407"/>
          <testcase name="test_it_returns_zero_for_below_2_dot_0 with data set #2" file="D:\Dropbox\Public\Iskola\Tanmenetek\Feladatgyűjtemény\Laravel\Laravel_Iskola_2025\server\tests\Unit\ScholarshipCalculatorTest.php" line="120" class="Tests\Unit\ScholarshipCalculatorTest" classname="Tests.Unit.ScholarshipCalculatorTest" assertions="1" time="0.000407"/>
        </testsuite>
      </testsuite>
    </testsuite>
    <testsuite name="Feature" tests="1" assertions="1" errors="0" failures="0" skipped="0" time="0.147639">
      <testsuite name="Tests\Feature\ExampleTest" file="D:\Dropbox\Public\Iskola\Tanmenetek\Feladatgyűjtemény\Laravel\Laravel_Iskola_2025\server\tests\Feature\ExampleTest.php" tests="1" assertions="1" errors="0" failures="0" skipped="0" time="0.147639">
        <testcase name="test_the_application_returns_a_successful_response" file="D:\Dropbox\Public\Iskola\Tanmenetek\Feladatgyűjtemény\Laravel\Laravel_Iskola_2025\server\tests\Feature\ExampleTest.php" line="13" class="Tests\Feature\ExampleTest" classname="Tests.Feature.ExampleTest" assertions="1" time="0.147639"/>
      </testsuite>
    </testsuite>
  </testsuite>
</testsuites>
